src/components/editor/VideoTrack.tsx(2,1): error TS6133: 'Slider' is declared but its value is never read.
src/components/editor/VideoTrack.tsx(49,11): error TS6133: 'handleRangePreview' is declared but its value is never read.
src/components/editor/VideoTrack.tsx(55,11): error TS6133: 'handleRangeChange' is declared but its value is never read.
vite.config.ts(2,19): error TS2307: Cannot find module '@vitejs/plugin-react' or its corresponding type declarations.
  There are types at 'D:/Projects/video-generator/node_modules/@vitejs/plugin-react/dist/index.d.ts', but this result could not be resolved under your current 'moduleResolution' setting. Consider updating to 'node16', 'nodenext', or 'bundler'.
